// Jest Snapshot v1, https://goo.gl/fbAQLP

exports[`Render main screen 1`] = `
<div>
  Loading...
</div>
`;
