// Jest Snapshot v1, https://goo.gl/fbAQLP

exports[`Render FilmComment 1`] = `
<div
  className="review"
>
  <blockquote
    className="review__quote"
  >
    <p
      className="review__text"
    >
      This movie really touched my heart.
    </p>
    <footer
      className="review__details"
    >
      <cite
        className="review__author"
      >
        Christina
      </cite>
      <time
        className="review__date"
        dateTime="2015-11-18"
      >
        Invalid date
      </time>
    </footer>
  </blockquote>
  <div
    className="review__rating"
  >
    9.5
  </div>
</div>
`;
