// Jest Snapshot v1, https://goo.gl/fbAQLP

exports[`Render FilmsList 1`] = `
<div
  className="catalog__movies-list"
>
  <article
    className="small-movie-card catalog__movies-card"
    onMouseEnter={[Function]}
    onMouseLeave={[Function]}
  >
    <a
      href="/film/undefined"
      onClick={[Function]}
    >
      <div
        className="small-movie-card__image"
      >
        <video
          className="player__video"
          height="175"
          muted={true}
          width="280"
        />
      </div>
      <h3
        className="small-movie-card__title"
      >
        <span
          className="small-movie-card__link"
          style={
            Object {
              "color": "white",
            }
          }
        />
      </h3>
    </a>
  </article>
  <article
    className="small-movie-card catalog__movies-card"
    onMouseEnter={[Function]}
    onMouseLeave={[Function]}
  >
    <a
      href="/film/undefined"
      onClick={[Function]}
    >
      <div
        className="small-movie-card__image"
      >
        <video
          className="player__video"
          height="175"
          muted={true}
          width="280"
        />
      </div>
      <h3
        className="small-movie-card__title"
      >
        <span
          className="small-movie-card__link"
          style={
            Object {
              "color": "white",
            }
          }
        />
      </h3>
    </a>
  </article>
</div>
`;
