// Jest Snapshot v1, https://goo.gl/fbAQLP

exports[`Render small movie card 1`] = `
<article
  className="small-movie-card catalog__movies-card"
  onMouseEnter={[Function]}
  onMouseLeave={[Function]}
  onMouseOver={[Function]}
>
  <a
    href="/film/undefined"
    onClick={[Function]}
  >
    <div
      className="small-movie-card__image"
    >
      <video
        className="player__video"
        height="175"
        muted={true}
        width="280"
      />
    </div>
    <h3
      className="small-movie-card__title"
    >
      <span
        className="small-movie-card__link"
        href="movie-page.html"
        style={
          Object {
            "color": "white",
          }
        }
      />
    </h3>
  </a>
</article>
`;
